I'm sorry, but errors were detected in your script. Please correct the
errors listed below, and try again.


File "game/screens.rpy", line 366: u'with' is not a keyword argument or valid child for the imagebutton statement.
    imagebutton auto "historytab_%s.png" focus_mask True xpos 262 ypos 55 action ShowMenu("history") with dissolve
                                                                                                         ^

Ren'Py Version: Ren'Py 7.4.11.2266
Sun Jun 12 17:33:31 2022
